  Identification des projets ├á restaurer...
E:\Travaille\CodageAutres\other\ts\PortManager\PortManager.csproj : warning NU1701: Le package 'Open.NAT 2.1.0' a ├®t├® restaur├® en utilisant '.NETFramework,Version=v4.6.1, .NETFramework,Version=v4.6.2, .NETFramework,Version=v4.7, .NETFramework,Version=v4.7.1, .NETFramework,Version=v4.7.2, .NETFramework,Version=v4.8, .NETFramework,Version=v4.8.1' au lieu du framework cible du projet 'net9.0-windows7.0'. Ce package n'est peut-├¬tre pas totalement compatible avec votre projet.
  Tous les projets sont ├á jour pour la restauration.
E:\Travaille\CodageAutres\other\ts\PortManager\PortManager.csproj : warning NU1701: Le package 'Open.NAT 2.1.0' a ├®t├® restaur├® en utilisant '.NETFramework,Version=v4.6.1, .NETFramework,Version=v4.6.2, .NETFramework,Version=v4.7, .NETFramework,Version=v4.7.1, .NETFramework,Version=v4.7.2, .NETFramework,Version=v4.8, .NETFramework,Version=v4.8.1' au lieu du framework cible du projet 'net9.0-windows7.0'. Ce package n'est peut-├¬tre pas totalement compatible avec votre projet.
E:\Travaille\CodageAutres\other\ts\PortManager\MainWindow.xaml(284,160): error MC1000: Erreur de build inconnue, 'MC3072┬á: la propri├®t├® 'CornerRadius' n'existe pas dans l'espace de noms XML 'http://schemas.microsoft.com/winfx/2006/xaml/presentation'. Ligne 284 Position 160.'  [E:\Travaille\CodageAutres\other\ts\PortManager\PortManager.csproj]

├ëCHEC de la build.

E:\Travaille\CodageAutres\other\ts\PortManager\PortManager.csproj : warning NU1701: Le package 'Open.NAT 2.1.0' a ├®t├® restaur├® en utilisant '.NETFramework,Version=v4.6.1, .NETFramework,Version=v4.6.2, .NETFramework,Version=v4.7, .NETFramework,Version=v4.7.1, .NETFramework,Version=v4.7.2, .NETFramework,Version=v4.8, .NETFramework,Version=v4.8.1' au lieu du framework cible du projet 'net9.0-windows7.0'. Ce package n'est peut-├¬tre pas totalement compatible avec votre projet.
E:\Travaille\CodageAutres\other\ts\PortManager\PortManager.csproj : warning NU1701: Le package 'Open.NAT 2.1.0' a ├®t├® restaur├® en utilisant '.NETFramework,Version=v4.6.1, .NETFramework,Version=v4.6.2, .NETFramework,Version=v4.7, .NETFramework,Version=v4.7.1, .NETFramework,Version=v4.7.2, .NETFramework,Version=v4.8, .NETFramework,Version=v4.8.1' au lieu du framework cible du projet 'net9.0-windows7.0'. Ce package n'est peut-├¬tre pas totalement compatible avec votre projet.
E:\Travaille\CodageAutres\other\ts\PortManager\MainWindow.xaml(284,160): error MC1000: Erreur de build inconnue, 'MC3072┬á: la propri├®t├® 'CornerRadius' n'existe pas dans l'espace de noms XML 'http://schemas.microsoft.com/winfx/2006/xaml/presentation'. Ligne 284 Position 160.'  [E:\Travaille\CodageAutres\other\ts\PortManager\PortManager.csproj]
    2 Avertissement(s)
    1 Erreur(s)

Temps ├®coul├® 00:00:00.62

Des mises ├á jour de la charge de travail sont disponibles. Ex├®cutez `dotnet workload list` pour plus dÔÇÖinformations.
