{
  "$schema": "http://json.schemastore.org/sarif-1.0.0",
  "version": "1.0.0",
  "runs": [
    {
      "tool": {
        "name": "Compilateur Microsoft (R) Visual C#",
        "version": "4.14.0.0",
        "fileVersion": "4.14.0-3.25465.8 (b0a9adbf)",
        "semanticVersion": "4.14.0",
        "language": "fr-FR"
      },
      "results": [
        {
          "ruleId": "CS8625",
          "level": "warning",
          "message": "Impossible de convertir un littéral ayant une valeur null en type référence non-nullable.",
          "locations": [
            {
              "resultFile": {
                "uri": "file:///E:/Travaille/CodageAutres/other/ts/PortManager/NetworkScanner.cs",
                "region": {
                  "startLine": 23,
                  "startColumn": 114,
                  "endLine": 23,
                  "endColumn": 118
                }
              }
            }
          ],
          "properties": {
            "warningLevel": 1
          }
        },
        {
          "ruleId": "CS8618",
          "level": "warning",
          "message": "Le propriété « IpAddress » non-nullable doit contenir une valeur autre que Null lors de la fermeture du constructeur. Envisagez d’ajouter le modificateur « required » ou de déclarer le propriété comme pouvant accepter la valeur Null.",
          "locations": [
            {
              "resultFile": {
                "uri": "file:///E:/Travaille/CodageAutres/other/ts/PortManager/NetworkScanner.cs",
                "region": {
                  "startLine": 14,
                  "startColumn": 23,
                  "endLine": 14,
                  "endColumn": 32
                }
              }
            }
          ],
          "relatedLocations": [
            {
              "physicalLocation": {
                "uri": "file:///E:/Travaille/CodageAutres/other/ts/PortManager/NetworkScanner.cs",
                "region": {
                  "startLine": 14,
                  "startColumn": 23,
                  "endLine": 14,
                  "endColumn": 32
                }
              }
            }
          ],
          "properties": {
            "warningLevel": 1
          }
        },
        {
          "ruleId": "CS8618",
          "level": "warning",
          "message": "Le propriété « Hostname » non-nullable doit contenir une valeur autre que Null lors de la fermeture du constructeur. Envisagez d’ajouter le modificateur « required » ou de déclarer le propriété comme pouvant accepter la valeur Null.",
          "locations": [
            {
              "resultFile": {
                "uri": "file:///E:/Travaille/CodageAutres/other/ts/PortManager/NetworkScanner.cs",
                "region": {
                  "startLine": 15,
                  "startColumn": 23,
                  "endLine": 15,
                  "endColumn": 31
                }
              }
            }
          ],
          "relatedLocations": [
            {
              "physicalLocation": {
                "uri": "file:///E:/Travaille/CodageAutres/other/ts/PortManager/NetworkScanner.cs",
                "region": {
                  "startLine": 15,
                  "startColumn": 23,
                  "endLine": 15,
                  "endColumn": 31
                }
              }
            }
          ],
          "properties": {
            "warningLevel": 1
          }
        },
        {
          "ruleId": "CS8618",
          "level": "warning",
          "message": "Le propriété « Status » non-nullable doit contenir une valeur autre que Null lors de la fermeture du constructeur. Envisagez d’ajouter le modificateur « required » ou de déclarer le propriété comme pouvant accepter la valeur Null.",
          "locations": [
            {
              "resultFile": {
                "uri": "file:///E:/Travaille/CodageAutres/other/ts/PortManager/NetworkScanner.cs",
                "region": {
                  "startLine": 16,
                  "startColumn": 23,
                  "endLine": 16,
                  "endColumn": 29
                }
              }
            }
          ],
          "relatedLocations": [
            {
              "physicalLocation": {
                "uri": "file:///E:/Travaille/CodageAutres/other/ts/PortManager/NetworkScanner.cs",
                "region": {
                  "startLine": 16,
                  "startColumn": 23,
                  "endLine": 16,
                  "endColumn": 29
                }
              }
            }
          ],
          "properties": {
            "warningLevel": 1
          }
        },
        {
          "ruleId": "CS8618",
          "level": "warning",
          "message": "Le propriété « OpenPorts » non-nullable doit contenir une valeur autre que Null lors de la fermeture du constructeur. Envisagez d’ajouter le modificateur « required » ou de déclarer le propriété comme pouvant accepter la valeur Null.",
          "locations": [
            {
              "resultFile": {
                "uri": "file:///E:/Travaille/CodageAutres/other/ts/PortManager/NetworkScanner.cs",
                "region": {
                  "startLine": 17,
                  "startColumn": 23,
                  "endLine": 17,
                  "endColumn": 32
                }
              }
            }
          ],
          "relatedLocations": [
            {
              "physicalLocation": {
                "uri": "file:///E:/Travaille/CodageAutres/other/ts/PortManager/NetworkScanner.cs",
                "region": {
                  "startLine": 17,
                  "startColumn": 23,
                  "endLine": 17,
                  "endColumn": 32
                }
              }
            }
          ],
          "properties": {
            "warningLevel": 1
          }
        },
        {
          "ruleId": "CS8618",
          "level": "warning",
          "message": "Le propriété « Protocol » non-nullable doit contenir une valeur autre que Null lors de la fermeture du constructeur. Envisagez d’ajouter le modificateur « required » ou de déclarer le propriété comme pouvant accepter la valeur Null.",
          "locations": [
            {
              "resultFile": {
                "uri": "file:///E:/Travaille/CodageAutres/other/ts/PortManager/MainWindow.xaml.cs",
                "region": {
                  "startLine": 18,
                  "startColumn": 23,
                  "endLine": 18,
                  "endColumn": 31
                }
              }
            }
          ],
          "relatedLocations": [
            {
              "physicalLocation": {
                "uri": "file:///E:/Travaille/CodageAutres/other/ts/PortManager/MainWindow.xaml.cs",
                "region": {
                  "startLine": 18,
                  "startColumn": 23,
                  "endLine": 18,
                  "endColumn": 31
                }
              }
            }
          ],
          "properties": {
            "warningLevel": 1
          }
        },
        {
          "ruleId": "CS8618",
          "level": "warning",
          "message": "Le propriété « ListenerObject » non-nullable doit contenir une valeur autre que Null lors de la fermeture du constructeur. Envisagez d’ajouter le modificateur « required » ou de déclarer le propriété comme pouvant accepter la valeur Null.",
          "locations": [
            {
              "resultFile": {
                "uri": "file:///E:/Travaille/CodageAutres/other/ts/PortManager/MainWindow.xaml.cs",
                "region": {
                  "startLine": 19,
                  "startColumn": 23,
                  "endLine": 19,
                  "endColumn": 37
                }
              }
            }
          ],
          "relatedLocations": [
            {
              "physicalLocation": {
                "uri": "file:///E:/Travaille/CodageAutres/other/ts/PortManager/MainWindow.xaml.cs",
                "region": {
                  "startLine": 19,
                  "startColumn": 23,
                  "endLine": 19,
                  "endColumn": 37
                }
              }
            }
          ],
          "properties": {
            "warningLevel": 1
          }
        },
        {
          "ruleId": "CS8618",
          "level": "warning",
          "message": "Le propriété « FirewallName » non-nullable doit contenir une valeur autre que Null lors de la fermeture du constructeur. Envisagez d’ajouter le modificateur « required » ou de déclarer le propriété comme pouvant accepter la valeur Null.",
          "locations": [
            {
              "resultFile": {
                "uri": "file:///E:/Travaille/CodageAutres/other/ts/PortManager/MainWindow.xaml.cs",
                "region": {
                  "startLine": 21,
                  "startColumn": 23,
                  "endLine": 21,
                  "endColumn": 35
                }
              }
            }
          ],
          "relatedLocations": [
            {
              "physicalLocation": {
                "uri": "file:///E:/Travaille/CodageAutres/other/ts/PortManager/MainWindow.xaml.cs",
                "region": {
                  "startLine": 21,
                  "startColumn": 23,
                  "endLine": 21,
                  "endColumn": 35
                }
              }
            }
          ],
          "properties": {
            "warningLevel": 1
          }
        },
        {
          "ruleId": "CS8618",
          "level": "warning",
          "message": "Le propriété « Protocol » non-nullable doit contenir une valeur autre que Null lors de la fermeture du constructeur. Envisagez d’ajouter le modificateur « required » ou de déclarer le propriété comme pouvant accepter la valeur Null.",
          "locations": [
            {
              "resultFile": {
                "uri": "file:///E:/Travaille/CodageAutres/other/ts/PortManager/Persistence.cs",
                "region": {
                  "startLine": 11,
                  "startColumn": 23,
                  "endLine": 11,
                  "endColumn": 31
                }
              }
            }
          ],
          "relatedLocations": [
            {
              "physicalLocation": {
                "uri": "file:///E:/Travaille/CodageAutres/other/ts/PortManager/Persistence.cs",
                "region": {
                  "startLine": 11,
                  "startColumn": 23,
                  "endLine": 11,
                  "endColumn": 31
                }
              }
            }
          ],
          "properties": {
            "warningLevel": 1
          }
        },
        {
          "ruleId": "CS8618",
          "level": "warning",
          "message": "Le propriété « FirewallRuleName » non-nullable doit contenir une valeur autre que Null lors de la fermeture du constructeur. Envisagez d’ajouter le modificateur « required » ou de déclarer le propriété comme pouvant accepter la valeur Null.",
          "locations": [
            {
              "resultFile": {
                "uri": "file:///E:/Travaille/CodageAutres/other/ts/PortManager/Persistence.cs",
                "region": {
                  "startLine": 12,
                  "startColumn": 23,
                  "endLine": 12,
                  "endColumn": 39
                }
              }
            }
          ],
          "relatedLocations": [
            {
              "physicalLocation": {
                "uri": "file:///E:/Travaille/CodageAutres/other/ts/PortManager/Persistence.cs",
                "region": {
                  "startLine": 12,
                  "startColumn": 23,
                  "endLine": 12,
                  "endColumn": 39
                }
              }
            }
          ],
          "properties": {
            "warningLevel": 1
          }
        },
        {
          "ruleId": "CS8618",
          "level": "warning",
          "message": "Le propriété « LocalAddress » non-nullable doit contenir une valeur autre que Null lors de la fermeture du constructeur. Envisagez d’ajouter le modificateur « required » ou de déclarer le propriété comme pouvant accepter la valeur Null.",
          "locations": [
            {
              "resultFile": {
                "uri": "file:///E:/Travaille/CodageAutres/other/ts/PortManager/NativeHelpers.cs",
                "region": {
                  "startLine": 18,
                  "startColumn": 23,
                  "endLine": 18,
                  "endColumn": 35
                }
              }
            }
          ],
          "relatedLocations": [
            {
              "physicalLocation": {
                "uri": "file:///E:/Travaille/CodageAutres/other/ts/PortManager/NativeHelpers.cs",
                "region": {
                  "startLine": 18,
                  "startColumn": 23,
                  "endLine": 18,
                  "endColumn": 35
                }
              }
            }
          ],
          "properties": {
            "warningLevel": 1
          }
        },
        {
          "ruleId": "CS8618",
          "level": "warning",
          "message": "Le propriété « RemoteAddress » non-nullable doit contenir une valeur autre que Null lors de la fermeture du constructeur. Envisagez d’ajouter le modificateur « required » ou de déclarer le propriété comme pouvant accepter la valeur Null.",
          "locations": [
            {
              "resultFile": {
                "uri": "file:///E:/Travaille/CodageAutres/other/ts/PortManager/NativeHelpers.cs",
                "region": {
                  "startLine": 20,
                  "startColumn": 23,
                  "endLine": 20,
                  "endColumn": 36
                }
              }
            }
          ],
          "relatedLocations": [
            {
              "physicalLocation": {
                "uri": "file:///E:/Travaille/CodageAutres/other/ts/PortManager/NativeHelpers.cs",
                "region": {
                  "startLine": 20,
                  "startColumn": 23,
                  "endLine": 20,
                  "endColumn": 36
                }
              }
            }
          ],
          "properties": {
            "warningLevel": 1
          }
        },
        {
          "ruleId": "CS8618",
          "level": "warning",
          "message": "Le propriété « State » non-nullable doit contenir une valeur autre que Null lors de la fermeture du constructeur. Envisagez d’ajouter le modificateur « required » ou de déclarer le propriété comme pouvant accepter la valeur Null.",
          "locations": [
            {
              "resultFile": {
                "uri": "file:///E:/Travaille/CodageAutres/other/ts/PortManager/NativeHelpers.cs",
                "region": {
                  "startLine": 21,
                  "startColumn": 23,
                  "endLine": 21,
                  "endColumn": 28
                }
              }
            }
          ],
          "relatedLocations": [
            {
              "physicalLocation": {
                "uri": "file:///E:/Travaille/CodageAutres/other/ts/PortManager/NativeHelpers.cs",
                "region": {
                  "startLine": 21,
                  "startColumn": 23,
                  "endLine": 21,
                  "endColumn": 28
                }
              }
            }
          ],
          "properties": {
            "warningLevel": 1
          }
        },
        {
          "ruleId": "CS8618",
          "level": "warning",
          "message": "Le propriété « ProcessName » non-nullable doit contenir une valeur autre que Null lors de la fermeture du constructeur. Envisagez d’ajouter le modificateur « required » ou de déclarer le propriété comme pouvant accepter la valeur Null.",
          "locations": [
            {
              "resultFile": {
                "uri": "file:///E:/Travaille/CodageAutres/other/ts/PortManager/NativeHelpers.cs",
                "region": {
                  "startLine": 23,
                  "startColumn": 23,
                  "endLine": 23,
                  "endColumn": 34
                }
              }
            }
          ],
          "relatedLocations": [
            {
              "physicalLocation": {
                "uri": "file:///E:/Travaille/CodageAutres/other/ts/PortManager/NativeHelpers.cs",
                "region": {
                  "startLine": 23,
                  "startColumn": 23,
                  "endLine": 23,
                  "endColumn": 34
                }
              }
            }
          ],
          "properties": {
            "warningLevel": 1
          }
        },
        {
          "ruleId": "CS8618",
          "level": "warning",
          "message": "Le propriété « ProcessPath » non-nullable doit contenir une valeur autre que Null lors de la fermeture du constructeur. Envisagez d’ajouter le modificateur « required » ou de déclarer le propriété comme pouvant accepter la valeur Null.",
          "locations": [
            {
              "resultFile": {
                "uri": "file:///E:/Travaille/CodageAutres/other/ts/PortManager/NativeHelpers.cs",
                "region": {
                  "startLine": 24,
                  "startColumn": 23,
                  "endLine": 24,
                  "endColumn": 34
                }
              }
            }
          ],
          "relatedLocations": [
            {
              "physicalLocation": {
                "uri": "file:///E:/Travaille/CodageAutres/other/ts/PortManager/NativeHelpers.cs",
                "region": {
                  "startLine": 24,
                  "startColumn": 23,
                  "endLine": 24,
                  "endColumn": 34
                }
              }
            }
          ],
          "properties": {
            "warningLevel": 1
          }
        },
        {
          "ruleId": "CS8618",
          "level": "warning",
          "message": "Le propriété « SuspiciousReason » non-nullable doit contenir une valeur autre que Null lors de la fermeture du constructeur. Envisagez d’ajouter le modificateur « required » ou de déclarer le propriété comme pouvant accepter la valeur Null.",
          "locations": [
            {
              "resultFile": {
                "uri": "file:///E:/Travaille/CodageAutres/other/ts/PortManager/NativeHelpers.cs",
                "region": {
                  "startLine": 28,
                  "startColumn": 23,
                  "endLine": 28,
                  "endColumn": 39
                }
              }
            }
          ],
          "relatedLocations": [
            {
              "physicalLocation": {
                "uri": "file:///E:/Travaille/CodageAutres/other/ts/PortManager/NativeHelpers.cs",
                "region": {
                  "startLine": 28,
                  "startColumn": 23,
                  "endLine": 28,
                  "endColumn": 39
                }
              }
            }
          ],
          "properties": {
            "warningLevel": 1
          }
        },
        {
          "ruleId": "CS8602",
          "level": "warning",
          "message": "Déréférencement d'une éventuelle référence null.",
          "locations": [
            {
              "resultFile": {
                "uri": "file:///E:/Travaille/CodageAutres/other/ts/PortManager/UpnpManager.cs",
                "region": {
                  "startLine": 50,
                  "startColumn": 20,
                  "endLine": 50,
                  "endColumn": 27
                }
              }
            }
          ],
          "properties": {
            "warningLevel": 1
          }
        },
        {
          "ruleId": "CS8618",
          "level": "warning",
          "message": "Le champ « _device » non-nullable doit contenir une valeur autre que Null lors de la fermeture du constructeur. Envisagez d’ajouter le modificateur « required » ou de déclarer le champ comme pouvant accepter la valeur Null.",
          "locations": [
            {
              "resultFile": {
                "uri": "file:///E:/Travaille/CodageAutres/other/ts/PortManager/UpnpManager.cs",
                "region": {
                  "startLine": 11,
                  "startColumn": 34,
                  "endLine": 11,
                  "endColumn": 41
                }
              }
            }
          ],
          "relatedLocations": [
            {
              "physicalLocation": {
                "uri": "file:///E:/Travaille/CodageAutres/other/ts/PortManager/UpnpManager.cs",
                "region": {
                  "startLine": 11,
                  "startColumn": 34,
                  "endLine": 11,
                  "endColumn": 41
                }
              }
            }
          ],
          "properties": {
            "warningLevel": 1
          }
        },
        {
          "ruleId": "CS8602",
          "level": "warning",
          "message": "Déréférencement d'une éventuelle référence null.",
          "locations": [
            {
              "resultFile": {
                "uri": "file:///E:/Travaille/CodageAutres/other/ts/PortManager/FirewallManager.cs",
                "region": {
                  "startLine": 45,
                  "startColumn": 17,
                  "endLine": 45,
                  "endColumn": 18
                }
              }
            }
          ],
          "properties": {
            "warningLevel": 1
          }
        },
        {
          "ruleId": "CS1503",
          "level": "error",
          "message": "Argument 3 : conversion impossible de 'PortManager.Protocol' en 'string'",
          "locations": [
            {
              "resultFile": {
                "uri": "file:///E:/Travaille/CodageAutres/other/ts/PortManager/AlertManager.cs",
                "region": {
                  "startLine": 39,
                  "startColumn": 86,
                  "endLine": 39,
                  "endColumn": 103
                }
              }
            }
          ]
        },
        {
          "ruleId": "CS8622",
          "level": "warning",
          "message": "La nullabilité des types référence dans le type du paramètre 'sender' de 'void MainWindow.Timer_Tick(object sender, EventArgs e)' ne correspond pas au délégué cible 'EventHandler' (probablement en raison des attributs de nullabilité).",
          "locations": [
            {
              "resultFile": {
                "uri": "file:///E:/Travaille/CodageAutres/other/ts/PortManager/MainWindow.xaml.cs",
                "region": {
                  "startLine": 50,
                  "startColumn": 28,
                  "endLine": 50,
                  "endColumn": 38
                }
              }
            }
          ],
          "properties": {
            "warningLevel": 1
          }
        },
        {
          "ruleId": "CS8603",
          "level": "warning",
          "message": "Existence possible d'un retour de référence null.",
          "locations": [
            {
              "resultFile": {
                "uri": "file:///E:/Travaille/CodageAutres/other/ts/PortManager/NetworkScanner.cs",
                "region": {
                  "startLine": 44,
                  "startColumn": 21,
                  "endLine": 44,
                  "endColumn": 45
                }
              }
            }
          ],
          "properties": {
            "warningLevel": 1
          }
        },
        {
          "ruleId": "CS0029",
          "level": "error",
          "message": "Impossible de convertir implicitement le type 'PortManager.Protocol' en 'string'",
          "locations": [
            {
              "resultFile": {
                "uri": "file:///E:/Travaille/CodageAutres/other/ts/PortManager/StatsManager.cs",
                "region": {
                  "startLine": 50,
                  "startColumn": 36,
                  "endLine": 50,
                  "endColumn": 49
                }
              }
            }
          ]
        },
        {
          "ruleId": "CS7036",
          "level": "error",
          "message": "Parmi les arguments spécifiés, aucun ne correspond au paramètre obligatoire 'destination' de 'MemoryExtensions.ToUpper(ReadOnlySpan<char>, Span<char>, CultureInfo?)'",
          "locations": [
            {
              "resultFile": {
                "uri": "file:///E:/Travaille/CodageAutres/other/ts/PortManager/PortCloser.cs",
                "region": {
                  "startLine": 34,
                  "startColumn": 68,
                  "endLine": 34,
                  "endColumn": 75
                }
              }
            }
          ]
        },
        {
          "ruleId": "CS1503",
          "level": "error",
          "message": "Argument 3 : conversion impossible de 'PortManager.Protocol' en 'string'",
          "locations": [
            {
              "resultFile": {
                "uri": "file:///E:/Travaille/CodageAutres/other/ts/PortManager/PortCloser.cs",
                "region": {
                  "startLine": 48,
                  "startColumn": 82,
                  "endLine": 48,
                  "endColumn": 99
                }
              }
            }
          ]
        },
        {
          "ruleId": "CS1503",
          "level": "error",
          "message": "Argument 3 : conversion impossible de 'PortManager.Protocol' en 'string'",
          "locations": [
            {
              "resultFile": {
                "uri": "file:///E:/Travaille/CodageAutres/other/ts/PortManager/PortCloser.cs",
                "region": {
                  "startLine": 64,
                  "startColumn": 74,
                  "endLine": 64,
                  "endColumn": 91
                }
              }
            }
          ]
        },
        {
          "ruleId": "CS0472",
          "level": "warning",
          "message": "Le résultat de l'expression est toujours 'true', car une valeur de type 'Protocol' n'est jamais égale à 'null' du type 'Protocol?'",
          "locations": [
            {
              "resultFile": {
                "uri": "file:///E:/Travaille/CodageAutres/other/ts/PortManager/PortCloser.cs",
                "region": {
                  "startLine": 34,
                  "startColumn": 21,
                  "endLine": 34,
                  "endColumn": 46
                }
              }
            }
          ],
          "properties": {
            "warningLevel": 2
          }
        },
        {
          "ruleId": "CS1998",
          "level": "warning",
          "message": "Cette méthode async n'a pas d'opérateur 'await' et elle s'exécutera de façon synchrone. Utilisez l'opérateur 'await' pour attendre les appels d'API non bloquants ou 'await Task.Run(…)' pour effectuer un travail utilisant le processeur sur un thread d'arrière-plan.",
          "locations": [
            {
              "resultFile": {
                "uri": "file:///E:/Travaille/CodageAutres/other/ts/PortManager/MainWindow.xaml.cs",
                "region": {
                  "startLine": 137,
                  "startColumn": 28,
                  "endLine": 137,
                  "endColumn": 45
                }
              }
            }
          ],
          "properties": {
            "warningLevel": 1
          }
        },
        {
          "ruleId": "CS8600",
          "level": "warning",
          "message": "Conversion de littéral ayant une valeur null ou d'une éventuelle valeur null en type non-nullable.",
          "locations": [
            {
              "resultFile": {
                "uri": "file:///E:/Travaille/CodageAutres/other/ts/PortManager/MainWindow.xaml.cs",
                "region": {
                  "startLine": 196,
                  "startColumn": 31,
                  "endLine": 196,
                  "endColumn": 93
                }
              }
            }
          ],
          "properties": {
            "warningLevel": 1
          }
        },
        {
          "ruleId": "CS8602",
          "level": "warning",
          "message": "Déréférencement d'une éventuelle référence null.",
          "locations": [
            {
              "resultFile": {
                "uri": "file:///E:/Travaille/CodageAutres/other/ts/PortManager/MainWindow.xaml.cs",
                "region": {
                  "startLine": 202,
                  "startColumn": 17,
                  "endLine": 202,
                  "endColumn": 25
                }
              }
            }
          ],
          "properties": {
            "warningLevel": 1
          }
        },
        {
          "ruleId": "CS8600",
          "level": "warning",
          "message": "Conversion de littéral ayant une valeur null ou d'une éventuelle valeur null en type non-nullable.",
          "locations": [
            {
              "resultFile": {
                "uri": "file:///E:/Travaille/CodageAutres/other/ts/PortManager/MainWindow.xaml.cs",
                "region": {
                  "startLine": 215,
                  "startColumn": 38,
                  "endLine": 215,
                  "endColumn": 42
                }
              }
            }
          ],
          "properties": {
            "warningLevel": 1
          }
        },
        {
          "ruleId": "CS8601",
          "level": "warning",
          "message": "Existence possible d'une assignation de référence null.",
          "locations": [
            {
              "resultFile": {
                "uri": "file:///E:/Travaille/CodageAutres/other/ts/PortManager/MainWindow.xaml.cs",
                "region": {
                  "startLine": 238,
                  "startColumn": 72,
                  "endLine": 238,
                  "endColumn": 83
                }
              }
            }
          ],
          "properties": {
            "warningLevel": 1
          }
        },
        {
          "ruleId": "CS0168",
          "level": "warning",
          "message": "La variable 'ex' est déclarée, mais jamais utilisée",
          "locations": [
            {
              "resultFile": {
                "uri": "file:///E:/Travaille/CodageAutres/other/ts/PortManager/MainWindow.xaml.cs",
                "region": {
                  "startLine": 242,
                  "startColumn": 32,
                  "endLine": 242,
                  "endColumn": 34
                }
              }
            }
          ],
          "properties": {
            "warningLevel": 3
          }
        },
        {
          "ruleId": "CA1869",
          "level": "note",
          "message": "Évitez de créer une instance « JsonSerializerOptions » pour chaque opération de sérialisation. Mettez en cache et réutilisez les instances à la place.",
          "locations": [
            {
              "resultFile": {
                "uri": "file:///E:/Travaille/CodageAutres/other/ts/PortManager/Persistence.cs",
                "region": {
                  "startLine": 33,
                  "startColumn": 31,
                  "endLine": 33,
                  "endColumn": 81
                }
              }
            }
          ],
          "properties": {
            "warningLevel": 1
          }
        },
        {
          "ruleId": "CA1869",
          "level": "note",
          "message": "Évitez de créer une instance « JsonSerializerOptions » pour chaque opération de sérialisation. Mettez en cache et réutilisez les instances à la place.",
          "locations": [
            {
              "resultFile": {
                "uri": "file:///E:/Travaille/CodageAutres/other/ts/PortManager/ProfileManager.cs",
                "region": {
                  "startLine": 65,
                  "startColumn": 64,
                  "endLine": 65,
                  "endColumn": 114
                }
              }
            }
          ],
          "properties": {
            "warningLevel": 1
          }
        },
        {
          "ruleId": "CA1835",
          "level": "note",
          "message": "Changer l'appel de méthode 'ReadAsync' pour utiliser la surcharge 'Stream.ReadAsync(Memory<byte>, CancellationToken)'",
          "locations": [
            {
              "resultFile": {
                "uri": "file:///E:/Travaille/CodageAutres/other/ts/PortManager/ServiceDetector.cs",
                "region": {
                  "startLine": 27,
                  "startColumn": 47,
                  "endLine": 27,
                  "endColumn": 89
                }
              }
            }
          ],
          "properties": {
            "warningLevel": 1
          }
        },
        {
          "ruleId": "CA1861",
          "level": "note",
          "message": "Préférer les champs 'static readonly' aux arguments de tableau de constantes si la méthode appelée est appelée à plusieurs reprises et ne mute pas le tableau passé",
          "locations": [
            {
              "resultFile": {
                "uri": "file:///E:/Travaille/CodageAutres/other/ts/PortManager/StartupManager.cs",
                "region": {
                  "startLine": 99,
                  "startColumn": 51,
                  "endLine": 99,
                  "endColumn": 65
                }
              }
            }
          ],
          "properties": {
            "warningLevel": 1,
            "customProperties": {
              "paramName": "separator"
            }
          }
        },
        {
          "ruleId": "CA1866",
          "level": "note",
          "message": "Utilisez 'string.StartsWith(char)' à la place de 'string.StartsWith(string)' quand vous avez une chaîne avec un seul caractère",
          "locations": [
            {
              "resultFile": {
                "uri": "file:///E:/Travaille/CodageAutres/other/ts/PortManager/StartupManager.cs",
                "region": {
                  "startLine": 84,
                  "startColumn": 32,
                  "endLine": 84,
                  "endColumn": 38
                }
              }
            }
          ],
          "properties": {
            "warningLevel": 1
          }
        },
        {
          "ruleId": "CA1866",
          "level": "note",
          "message": "Utilisez 'string.IndexOf(char)' à la place de 'string.IndexOf(string)' quand vous avez une chaîne avec un seul caractère",
          "locations": [
            {
              "resultFile": {
                "uri": "file:///E:/Travaille/CodageAutres/other/ts/PortManager/StartupManager.cs",
                "region": {
                  "startLine": 86,
                  "startColumn": 45,
                  "endLine": 86,
                  "endColumn": 54
                }
              }
            }
          ],
          "properties": {
            "warningLevel": 1
          }
        },
        {
          "ruleId": "CA1866",
          "level": "note",
          "message": "Utilisez 'string.IndexOf(char)' à la place de 'string.IndexOf(string)' quand vous avez une chaîne avec un seul caractère",
          "locations": [
            {
              "resultFile": {
                "uri": "file:///E:/Travaille/CodageAutres/other/ts/PortManager/StartupManager.cs",
                "region": {
                  "startLine": 89,
                  "startColumn": 42,
                  "endLine": 89,
                  "endColumn": 47
                }
              }
            }
          ],
          "properties": {
            "warningLevel": 1
          }
        },
        {
          "ruleId": "CA2020",
          "level": "note",
          "message": "À partir de .NET 7, la conversion explicite '(IntPtr)Int64' ne sera pas rejetée en cas de dépassement dans un contexte non vérifié. Enveloppez l'expression avec une déclaration 'checked' pour rétablir le comportement de .NET 6.",
          "locations": [
            {
              "resultFile": {
                "uri": "file:///E:/Travaille/CodageAutres/other/ts/PortManager/NativeHelpers.cs",
                "region": {
                  "startLine": 67,
                  "startColumn": 34,
                  "endLine": 67,
                  "endColumn": 93
                }
              }
            }
          ],
          "properties": {
            "warningLevel": 1
          }
        },
        {
          "ruleId": "CA2020",
          "level": "note",
          "message": "À partir de .NET 7, la conversion explicite '(IntPtr)Int64' ne sera pas rejetée en cas de dépassement dans un contexte non vérifié. Enveloppez l'expression avec une déclaration 'checked' pour rétablir le comportement de .NET 6.",
          "locations": [
            {
              "resultFile": {
                "uri": "file:///E:/Travaille/CodageAutres/other/ts/PortManager/NativeHelpers.cs",
                "region": {
                  "startLine": 109,
                  "startColumn": 34,
                  "endLine": 109,
                  "endColumn": 93
                }
              }
            }
          ],
          "properties": {
            "warningLevel": 1
          }
        },
        {
          "ruleId": "CA2020",
          "level": "note",
          "message": "À partir de .NET 7, la conversion explicite '(IntPtr)Int64' ne sera pas rejetée en cas de dépassement dans un contexte non vérifié. Enveloppez l'expression avec une déclaration 'checked' pour rétablir le comportement de .NET 6.",
          "locations": [
            {
              "resultFile": {
                "uri": "file:///E:/Travaille/CodageAutres/other/ts/PortManager/NativeHelpers.cs",
                "region": {
                  "startLine": 84,
                  "startColumn": 34,
                  "endLine": 84,
                  "endColumn": 78
                }
              }
            }
          ],
          "properties": {
            "warningLevel": 1
          }
        },
        {
          "ruleId": "CA2020",
          "level": "note",
          "message": "À partir de .NET 7, la conversion explicite '(IntPtr)Int64' ne sera pas rejetée en cas de dépassement dans un contexte non vérifié. Enveloppez l'expression avec une déclaration 'checked' pour rétablir le comportement de .NET 6.",
          "locations": [
            {
              "resultFile": {
                "uri": "file:///E:/Travaille/CodageAutres/other/ts/PortManager/NativeHelpers.cs",
                "region": {
                  "startLine": 126,
                  "startColumn": 34,
                  "endLine": 126,
                  "endColumn": 78
                }
              }
            }
          ],
          "properties": {
            "warningLevel": 1
          }
        },
        {
          "ruleId": "CA1806",
          "level": "note",
          "message": "GetTcpPorts appelle GetExtendedTcpTable mais n'utilise pas la valeur HRESULT ou le code d'erreur retourné par la méthode. Cela peut entraîner un comportement inattendu dans les conditions d'erreurs ou dans les situations où les ressources sont limitées. Utilisez le résultat dans une instruction conditionnelle, assignez-le à une variable ou passez-le en tant qu'argument à une autre méthode.",
          "locations": [
            {
              "resultFile": {
                "uri": "file:///E:/Travaille/CodageAutres/other/ts/PortManager/NativeHelpers.cs",
                "region": {
                  "startLine": 60,
                  "startColumn": 17,
                  "endLine": 60,
                  "endColumn": 120
                }
              }
            }
          ],
          "properties": {
            "warningLevel": 1
          }
        },
        {
          "ruleId": "CA1806",
          "level": "note",
          "message": "GetUdpPorts appelle GetExtendedUdpTable mais n'utilise pas la valeur HRESULT ou le code d'erreur retourné par la méthode. Cela peut entraîner un comportement inattendu dans les conditions d'erreurs ou dans les situations où les ressources sont limitées. Utilisez le résultat dans une instruction conditionnelle, assignez-le à une variable ou passez-le en tant qu'argument à une autre méthode.",
          "locations": [
            {
              "resultFile": {
                "uri": "file:///E:/Travaille/CodageAutres/other/ts/PortManager/NativeHelpers.cs",
                "region": {
                  "startLine": 103,
                  "startColumn": 17,
                  "endLine": 103,
                  "endColumn": 116
                }
              }
            }
          ],
          "properties": {
            "warningLevel": 1
          }
        },
        {
          "ruleId": "CA1847",
          "level": "note",
          "message": "Utilisez ’String. Contient (Char)' à la place de ’String. Contains (String)' lors de la recherche d’un caractère unique",
          "locations": [
            {
              "resultFile": {
                "uri": "file:///E:/Travaille/CodageAutres/other/ts/PortManager/MainWindow.xaml.cs",
                "region": {
                  "startLine": 202,
                  "startColumn": 35,
                  "endLine": 202,
                  "endColumn": 38
                }
              }
            }
          ],
          "properties": {
            "warningLevel": 1
          }
        },
        {
          "ruleId": "CA1854",
          "level": "note",
          "message": "Préférer un appel 'TryGetValue' à un accès à l’indexeur dictionary protégé par une vérification 'ContainsKey' pour éviter la double recherche.",
          "locations": [
            {
              "resultFile": {
                "uri": "file:///E:/Travaille/CodageAutres/other/ts/PortManager/MainWindow.xaml.cs",
                "region": {
                  "startLine": 120,
                  "startColumn": 33,
                  "endLine": 120,
                  "endColumn": 71
                }
              }
            }
          ],
          "relatedLocations": [
            {
              "physicalLocation": {
                "uri": "file:///E:/Travaille/CodageAutres/other/ts/PortManager/MainWindow.xaml.cs",
                "region": {
                  "startLine": 120,
                  "startColumn": 92,
                  "endLine": 120,
                  "endColumn": 118
                }
              }
            }
          ],
          "properties": {
            "warningLevel": 1
          }
        },
        {
          "ruleId": "CA1854",
          "level": "note",
          "message": "Préférer un appel 'TryGetValue' à un accès à l’indexeur dictionary protégé par une vérification 'ContainsKey' pour éviter la double recherche.",
          "locations": [
            {
              "resultFile": {
                "uri": "file:///E:/Travaille/CodageAutres/other/ts/PortManager/StatsManager.cs",
                "region": {
                  "startLine": 40,
                  "startColumn": 21,
                  "endLine": 40,
                  "endColumn": 48
                }
              }
            }
          ],
          "relatedLocations": [
            {
              "physicalLocation": {
                "uri": "file:///E:/Travaille/CodageAutres/other/ts/PortManager/StatsManager.cs",
                "region": {
                  "startLine": 42,
                  "startColumn": 21,
                  "endLine": 42,
                  "endColumn": 36
                }
              }
            },
            {
              "physicalLocation": {
                "uri": "file:///E:/Travaille/CodageAutres/other/ts/PortManager/StatsManager.cs",
                "region": {
                  "startLine": 43,
                  "startColumn": 21,
                  "endLine": 43,
                  "endColumn": 36
                }
              }
            }
          ],
          "properties": {
            "warningLevel": 1
          }
        },
        {
          "ruleId": "CA1822",
          "level": "note",
          "message": "Le membre 'StopListener' n'accède pas aux données d'instance et peut être marqué comme étant static",
          "locations": [
            {
              "resultFile": {
                "uri": "file:///E:/Travaille/CodageAutres/other/ts/PortManager/MainWindow.xaml.cs",
                "region": {
                  "startLine": 255,
                  "startColumn": 28,
                  "endLine": 255,
                  "endColumn": 40
                }
              }
            }
          ],
          "properties": {
            "warningLevel": 1
          }
        },
        {
          "ruleId": "SYSLIB1054",
          "level": "note",
          "message": "Marquer la méthode « GetExtendedUdpTable » avec « LibraryImportAttribute » à la place de « DllImportAttribute » pour générer du code de marshaling P/Invoke au moment de la compilation",
          "locations": [
            {
              "resultFile": {
                "uri": "file:///E:/Travaille/CodageAutres/other/ts/PortManager/NativeHelpers.cs",
                "region": {
                  "startLine": 40,
                  "startColumn": 36,
                  "endLine": 40,
                  "endColumn": 55
                }
              }
            }
          ],
          "properties": {
            "warningLevel": 1,
            "customProperties": {
              "CharSet": "None",
              "ExactSpelling": "False",
              "MayRequireAdditionalWork": "True"
            }
          }
        },
        {
          "ruleId": "SYSLIB1054",
          "level": "note",
          "message": "Marquer la méthode « GetExtendedTcpTable » avec « LibraryImportAttribute » à la place de « DllImportAttribute » pour générer du code de marshaling P/Invoke au moment de la compilation",
          "locations": [
            {
              "resultFile": {
                "uri": "file:///E:/Travaille/CodageAutres/other/ts/PortManager/NativeHelpers.cs",
                "region": {
                  "startLine": 37,
                  "startColumn": 36,
                  "endLine": 37,
                  "endColumn": 55
                }
              }
            }
          ],
          "properties": {
            "warningLevel": 1,
            "customProperties": {
              "CharSet": "None",
              "ExactSpelling": "False",
              "MayRequireAdditionalWork": "True"
            }
          }
        },
        {
          "ruleId": "SYSLIB1054",
          "level": "note",
          "message": "Marquer la méthode « DeleteTcpEntry » avec « LibraryImportAttribute » à la place de « DllImportAttribute » pour générer du code de marshaling P/Invoke au moment de la compilation",
          "locations": [
            {
              "resultFile": {
                "uri": "file:///E:/Travaille/CodageAutres/other/ts/PortManager/PortCloser.cs",
                "region": {
                  "startLine": 16,
                  "startColumn": 36,
                  "endLine": 16,
                  "endColumn": 50
                }
              }
            }
          ],
          "properties": {
            "warningLevel": 1,
            "customProperties": {
              "CharSet": "None",
              "ExactSpelling": "False",
              "MayRequireAdditionalWork": "False"
            }
          }
        },
        {
          "ruleId": "SYSLIB1054",
          "level": "note",
          "message": "Marquer la méthode « SetTcpEntry » avec « LibraryImportAttribute » à la place de « DllImportAttribute » pour générer du code de marshaling P/Invoke au moment de la compilation",
          "locations": [
            {
              "resultFile": {
                "uri": "file:///E:/Travaille/CodageAutres/other/ts/PortManager/PortCloser.cs",
                "region": {
                  "startLine": 13,
                  "startColumn": 36,
                  "endLine": 13,
                  "endColumn": 47
                }
              }
            }
          ],
          "properties": {
            "warningLevel": 1,
            "customProperties": {
              "CharSet": "None",
              "ExactSpelling": "False",
              "MayRequireAdditionalWork": "False"
            }
          }
        }
      ],
      "rules": {
        "CA1806": {
          "id": "CA1806",
          "shortDescription": "Ne pas ignorer les résultats des méthodes",
          "fullDescription": "Un objet est créé mais jamais utilisé, ou une méthode qui crée et retourne une nouvelle chaîne est appelée mais celle-ci n'est jamais utilisée, ou bien une méthode COM ou P/Invoke retourne une valeur HRESULT ou un code d'erreur qui n'est jamais utilisé.",
          "defaultLevel": "note",
          "helpUri": "https://learn.microsoft.com/dotnet/fundamentals/code-analysis/quality-rules/ca1806",
          "properties": {
            "category": "Performance",
            "isEnabledByDefault": true,
            "tags": [
              "PortedFromFxCop",
              "Telemetry",
              "EnabledRuleInAggressiveMode"
            ]
          }
        },
        "CA1822": {
          "id": "CA1822",
          "shortDescription": "Marquer les membres comme étant static",
          "fullDescription": "Les membres qui n'accèdent pas aux données d'instance ou qui n'appellent pas de méthodes d'instance peuvent être marqués comme étant static. Une fois que vous avez marqué les méthodes comme étant static, le compilateur émet des sites d'appel non virtuels pour ces membres. Cela peut apporter un gain de performances mesurable pour le code qui en dépend.",
          "defaultLevel": "note",
          "helpUri": "https://learn.microsoft.com/dotnet/fundamentals/code-analysis/quality-rules/ca1822",
          "properties": {
            "category": "Performance",
            "isEnabledByDefault": true,
            "tags": [
              "PortedFromFxCop",
              "Telemetry",
              "EnabledRuleInAggressiveMode"
            ]
          }
        },
        "CA1835": {
          "id": "CA1835",
          "shortDescription": "Préférer les surcharges basées sur 'Memory' pour 'ReadAsync' et 'WriteAsync'",
          "fullDescription": "'Stream’ a une surcharge ’ReadAsync’ qui prend un ’Memory<Byte>' comme premier argument et une surcharge ’WriteAsync’ qui prend un ’ReadOnlyMemory<Byte>' comme premier argument. Préférez l'appel des surcharges basées sur la mémoire, car elles sont plus efficaces.",
          "defaultLevel": "note",
          "helpUri": "https://learn.microsoft.com/dotnet/fundamentals/code-analysis/quality-rules/ca1835",
          "properties": {
            "category": "Performance",
            "isEnabledByDefault": true,
            "tags": [
              "Telemetry",
              "EnabledRuleInAggressiveMode"
            ]
          }
        },
        "CA1847": {
          "id": "CA1847",
          "shortDescription": "Utiliser le littéral char pour une recherche à caractère unique",
          "fullDescription": "String. Contains (Char)» est disponible en tant que surcharge d’amélioration pour une recherche de caractère unique.",
          "defaultLevel": "note",
          "helpUri": "https://learn.microsoft.com/dotnet/fundamentals/code-analysis/quality-rules/ca1847",
          "properties": {
            "category": "Performance",
            "isEnabledByDefault": true,
            "tags": [
              "Telemetry",
              "EnabledRuleInAggressiveMode"
            ]
          }
        },
        "CA1854": {
          "id": "CA1854",
          "shortDescription": "Préférer la méthode 'IDictionary.TryGetValue(TKey, out TValue)'",
          "fullDescription": "Préférez un appel 'TryGetValue' à un accès à l’indexeur dictionary protégé par une vérification 'ContainsKey'. 'ContainsKey' et l’indexeur recherchent tous les deux la clé sous le capot. Par conséquent, l’utilisation de 'TryGetValue' supprime la recherche supplémentaire.",
          "defaultLevel": "note",
          "helpUri": "https://learn.microsoft.com/dotnet/fundamentals/code-analysis/quality-rules/ca1854",
          "properties": {
            "category": "Performance",
            "isEnabledByDefault": true,
            "tags": [
              "Telemetry",
              "EnabledRuleInAggressiveMode"
            ]
          }
        },
        "CA1861": {
          "id": "CA1861",
          "shortDescription": "Éviter les tableaux constants en tant qu’arguments",
          "fullDescription": "Les tableaux constants passés en argument ne sont pas réutilisés en cas d’appels répétés, ce qui implique la création d’un nouveau tableau à chaque fois. Envisagez de les extraire vers des champs « static readonly » pour améliorer le niveau de performance si le tableau passé n’est pas modifié au sein de la méthode appelée.",
          "defaultLevel": "note",
          "helpUri": "https://learn.microsoft.com/dotnet/fundamentals/code-analysis/quality-rules/ca1861",
          "properties": {
            "category": "Performance",
            "isEnabledByDefault": true,
            "tags": [
              "Telemetry",
              "EnabledRuleInAggressiveMode"
            ]
          }
        },
        "CA1866": {
          "id": "CA1866",
          "shortDescription": "Utiliser la surcharge char",
          "fullDescription": "La surcharge char est une surcharge plus performante qu’une chaîne avec un seul caractère.",
          "defaultLevel": "note",
          "helpUri": "https://learn.microsoft.com/dotnet/fundamentals/code-analysis/quality-rules/ca1866",
          "properties": {
            "category": "Performance",
            "isEnabledByDefault": true,
            "tags": [
              "Telemetry",
              "EnabledRuleInAggressiveMode"
            ]
          }
        },
        "CA1869": {
          "id": "CA1869",
          "shortDescription": "Mettre en cache et réutiliser les instances « JsonSerializerOptions »",
          "fullDescription": "Évitez de créer une instance « JsonSerializerOptions » pour chaque opération de sérialisation. Mettez en cache et réutilisez les instances à la place. Les instances « JsonSerializerOptions » à usage unique peuvent considérablement dégrader les performances de votre application.",
          "defaultLevel": "note",
          "helpUri": "https://learn.microsoft.com/dotnet/fundamentals/code-analysis/quality-rules/ca1869",
          "properties": {
            "category": "Performance",
            "isEnabledByDefault": true,
            "tags": [
              "Telemetry",
              "EnabledRuleInAggressiveMode"
            ]
          }
        },
        "CA2020": {
          "id": "CA2020",
          "shortDescription": "Empêcher le changement de comportement",
          "fullDescription": "Certains opérateurs intégrés ajoutés dans .NET 7 se comportent différemment lors d’un dépassement de capacité que les opérateurs définis par l’utilisateur correspondants dans .NET 6 et les versions antérieures. Certains opérateurs qui ont levé précédemment dans un contexte désactivé ne lèvent plus, sauf s’ils sont inclus dans un contexte activé. De même, certains opérateurs qui n’étaient pas lancés dans un contexte vérifié le sont désormais à moins d’être enveloppés dans un contexte non vérifié.",
          "defaultLevel": "note",
          "helpUri": "https://learn.microsoft.com/dotnet/fundamentals/code-analysis/quality-rules/ca2020",
          "properties": {
            "category": "Reliability",
            "isEnabledByDefault": true,
            "tags": [
              "Telemetry",
              "EnabledRuleInAggressiveMode"
            ]
          }
        },
        "CS0029": {
          "id": "CS0029",
          "defaultLevel": "error",
          "helpUri": "https://msdn.microsoft.com/query/roslyn.query?appId=roslyn&k=k(CS0029)",
          "properties": {
            "category": "Compiler",
            "isEnabledByDefault": true,
            "tags": [
              "Compiler",
              "Telemetry",
              "NotConfigurable"
            ]
          }
        },
        "CS0168": {
          "id": "CS0168",
          "shortDescription": "La variable est déclarée mais jamais utilisée",
          "defaultLevel": "warning",
          "helpUri": "https://msdn.microsoft.com/query/roslyn.query?appId=roslyn&k=k(CS0168)",
          "properties": {
            "category": "Compiler",
            "isEnabledByDefault": true,
            "tags": [
              "Compiler",
              "Telemetry"
            ]
          }
        },
        "CS0472": {
          "id": "CS0472",
          "shortDescription": "Le résultat de l'expression est toujours le même, car une valeur de ce type n'est jamais égale à 'null'",
          "defaultLevel": "warning",
          "helpUri": "https://msdn.microsoft.com/query/roslyn.query?appId=roslyn&k=k(CS0472)",
          "properties": {
            "category": "Compiler",
            "isEnabledByDefault": true,
            "tags": [
              "Compiler",
              "Telemetry"
            ]
          }
        },
        "CS1503": {
          "id": "CS1503",
          "defaultLevel": "error",
          "helpUri": "https://msdn.microsoft.com/query/roslyn.query?appId=roslyn&k=k(CS1503)",
          "properties": {
            "category": "Compiler",
            "isEnabledByDefault": true,
            "tags": [
              "Compiler",
              "Telemetry",
              "NotConfigurable"
            ]
          }
        },
        "CS1998": {
          "id": "CS1998",
          "shortDescription": "Cette méthode async n'a pas d'opérateur 'await' et elle s'exécutera de façon synchrone",
          "defaultLevel": "warning",
          "helpUri": "https://msdn.microsoft.com/query/roslyn.query?appId=roslyn&k=k(CS1998)",
          "properties": {
            "category": "Compiler",
            "isEnabledByDefault": true,
            "tags": [
              "Compiler",
              "Telemetry"
            ]
          }
        },
        "CS7036": {
          "id": "CS7036",
          "defaultLevel": "error",
          "helpUri": "https://msdn.microsoft.com/query/roslyn.query?appId=roslyn&k=k(CS7036)",
          "properties": {
            "category": "Compiler",
            "isEnabledByDefault": true,
            "tags": [
              "Compiler",
              "Telemetry",
              "NotConfigurable"
            ]
          }
        },
        "CS8600": {
          "id": "CS8600",
          "shortDescription": "Conversion de littéral ayant une valeur null ou d'une éventuelle valeur null en type non-nullable.",
          "defaultLevel": "warning",
          "helpUri": "https://msdn.microsoft.com/query/roslyn.query?appId=roslyn&k=k(CS8600)",
          "properties": {
            "category": "Compiler",
            "isEnabledByDefault": true,
            "tags": [
              "Compiler",
              "Telemetry"
            ]
          }
        },
        "CS8601": {
          "id": "CS8601",
          "shortDescription": "Existence possible d'une assignation de référence null.",
          "defaultLevel": "warning",
          "helpUri": "https://msdn.microsoft.com/query/roslyn.query?appId=roslyn&k=k(CS8601)",
          "properties": {
            "category": "Compiler",
            "isEnabledByDefault": true,
            "tags": [
              "Compiler",
              "Telemetry"
            ]
          }
        },
        "CS8602": {
          "id": "CS8602",
          "shortDescription": "Déréférencement d'une éventuelle référence null.",
          "defaultLevel": "warning",
          "helpUri": "https://msdn.microsoft.com/query/roslyn.query?appId=roslyn&k=k(CS8602)",
          "properties": {
            "category": "Compiler",
            "isEnabledByDefault": true,
            "tags": [
              "Compiler",
              "Telemetry"
            ]
          }
        },
        "CS8603": {
          "id": "CS8603",
          "shortDescription": "Existence possible d'un retour de référence null.",
          "defaultLevel": "warning",
          "helpUri": "https://msdn.microsoft.com/query/roslyn.query?appId=roslyn&k=k(CS8603)",
          "properties": {
            "category": "Compiler",
            "isEnabledByDefault": true,
            "tags": [
              "Compiler",
              "Telemetry"
            ]
          }
        },
        "CS8618": {
          "id": "CS8618",
          "shortDescription": "Un champ non-nullable doit contenir une valeur autre que Null lors de la fermeture du constructeur. Envisagez d’ajouter le modificateur « required » ou de déclarer le champ comme pouvant accepter la valeur Null.",
          "defaultLevel": "warning",
          "helpUri": "https://msdn.microsoft.com/query/roslyn.query?appId=roslyn&k=k(CS8618)",
          "properties": {
            "category": "Compiler",
            "isEnabledByDefault": true,
            "tags": [
              "Compiler",
              "Telemetry"
            ]
          }
        },
        "CS8622": {
          "id": "CS8622",
          "shortDescription": "La nullabilité des types référence dans le type du paramètre ne correspond pas au délégué cible (probablement en raison des attributs de nullabilité).",
          "defaultLevel": "warning",
          "helpUri": "https://msdn.microsoft.com/query/roslyn.query?appId=roslyn&k=k(CS8622)",
          "properties": {
            "category": "Compiler",
            "isEnabledByDefault": true,
            "tags": [
              "Compiler",
              "Telemetry"
            ]
          }
        },
        "CS8625": {
          "id": "CS8625",
          "shortDescription": "Impossible de convertir un littéral ayant une valeur null en type référence non-nullable.",
          "defaultLevel": "warning",
          "helpUri": "https://msdn.microsoft.com/query/roslyn.query?appId=roslyn&k=k(CS8625)",
          "properties": {
            "category": "Compiler",
            "isEnabledByDefault": true,
            "tags": [
              "Compiler",
              "Telemetry"
            ]
          }
        },
        "SYSLIB1054": {
          "id": "SYSLIB1054",
          "shortDescription": "Utilisez « LibraryImportAttribute » à la place de « DllImportAttribute » pour générer du code de marshaling P/Invoke au moment de la compilation",
          "fullDescription": "Utilisez « LibraryImportAttribute » à la place de « DllImportAttribute » pour générer du code de marshaling P/Invoke au moment de la compilation",
          "defaultLevel": "note",
          "helpUri": "https://learn.microsoft.com/dotnet/fundamentals/syslib-diagnostics/syslib1054",
          "properties": {
            "category": "Interoperability",
            "isEnabledByDefault": true
          }
        }
      }
    }
  ]
}